[    0.000000] Initializing cgroup subsys cpuset
[    0.000000] Initializing cgroup subsys cpu
[    0.000000] Initializing cgroup subsys cpuacct
[    0.000000] Linux version 4.4.0-210-generic (buildd@lgw01-amd64-009) (gcc version 5.4.0 20160609 (Ubuntu 5.4.0-6ubuntu1~16.04.12) ) #242-Ubuntu SMP Fri Apr 16 09:57:56 UTC 2021 (Ubuntu 4.4.0-210.242-generic 4.4.262)
[    0.000000] Command line: BOOT_IMAGE=/boot/vmlinuz-4.4.0-210-generic root=LABEL=cloudimg-rootfs ro console=tty1 console=ttyS0
[    0.000000] KERNEL supported cpus:
[    0.000000]   Intel GenuineIntel
[    0.000000]   AMD AuthenticAMD
[    0.000000]   Centaur CentaurHauls
[    0.000000] x86/fpu: xstate_offset[2]:  576, xstate_sizes[2]:  256
[    0.000000] x86/fpu: Supporting XSAVE feature 0x01: 'x87 floating point registers'
[    0.000000] x86/fpu: Supporting XSAVE feature 0x02: 'SSE registers'
[    0.000000] x86/fpu: Supporting XSAVE feature 0x04: 'AVX registers'
[    0.000000] x86/fpu: Enabled xstate features 0x7, context size is 832 bytes, using 'standard' format.
[    0.000000] e820: BIOS-provided physical RAM map:
[    0.000000] BIOS-e820: [mem 0x0000000000000000-0x000000000009fbff] usable
[    0.000000] BIOS-e820: [mem 0x000000000009fc00-0x000000000009ffff] reserved
[    0.000000] BIOS-e820: [mem 0x00000000000f0000-0x00000000000fffff] reserved
[    0.000000] BIOS-e820: [mem 0x0000000000100000-0x000000003ffeffff] usable
[    0.000000] BIOS-e820: [mem 0x000000003fff0000-0x000000003fffffff] ACPI data
[    0.000000] BIOS-e820: [mem 0x00000000fec00000-0x00000000fec00fff] reserved
[    0.000000] BIOS-e820: [mem 0x00000000fee00000-0x00000000fee00fff] reserved
[    0.000000] BIOS-e820: [mem 0x00000000fffc0000-0x00000000ffffffff] reserved
[    0.000000] NX (Execute Disable) protection: active
[    0.000000] SMBIOS 2.5 present.
[    0.000000] Hypervisor detected: KVM
[    0.000000] e820: last_pfn = 0x3fff0 max_arch_pfn = 0x400000000
[    0.000000] MTRR: Disabled
[    0.000000] x86/PAT: MTRRs disabled, skipping PAT initialization too.
[    0.000000] CPU MTRRs all blank - virtualized system.
[    0.000000] x86/PAT: Configuration [0-7]: WB  WT  UC- UC  WB  WT  UC- UC  
[    0.000000] found SMP MP-table at [mem 0x0009fff0-0x0009ffff] mapped at [ffff88000009fff0]
[    0.000000] Scanning 1 areas for low memory corruption
[    0.000000] RAMDISK: [mem 0x362dc000-0x37165fff]
[    0.000000] ACPI: Early table checksum verification disabled
[    0.000000] ACPI: RSDP 0x00000000000E0000 000024 (v02 VBOX  )
[    0.000000] ACPI: XSDT 0x000000003FFF0030 00003C (v01 VBOX   VBOXXSDT 00000001 ASL  00000061)
[    0.000000] ACPI: FACP 0x000000003FFF00F0 0000F4 (v04 VBOX   VBOXFACP 00000001 ASL  00000061)
[    0.000000] ACPI: DSDT 0x000000003FFF0470 002325 (v02 VBOX   VBOXBIOS 00000002 INTL 20120111)
[    0.000000] ACPI: FACS 0x000000003FFF0200 000040
[    0.000000] ACPI: FACS 0x000000003FFF0200 000040
[    0.000000] ACPI: APIC 0x000000003FFF0240 00005C (v02 VBOX   VBOXAPIC 00000001 ASL  00000061)
[    0.000000] ACPI: SSDT 0x000000003FFF02A0 0001CC (v01 VBOX   VBOXCPUT 00000002 INTL 20120111)
[    0.000000] No NUMA configuration found
[    0.000000] Faking a node at [mem 0x0000000000000000-0x000000003ffeffff]
[    0.000000] NODE_DATA(0) allocated [mem 0x3ffeb000-0x3ffeffff]
[    0.000000] kvm-clock: Using msrs 4b564d01 and 4b564d00
[    0.000000] kvm-clock: cpu 0, msr 0:3ffe3001, primary cpu clock
[    0.000000] kvm-clock: using sched offset of 4197312429 cycles
[    0.000000] clocksource: kvm-clock: mask: 0xffffffffffffffff max_cycles: 0x1cd42e4dffb, max_idle_ns: 881590591483 ns
[    0.000000] Zone ranges:
[    0.000000]   DMA      [mem 0x0000000000001000-0x0000000000ffffff]
[    0.000000]   DMA32    [mem 0x0000000001000000-0x000000003ffeffff]
[    0.000000]   Normal   empty
[    0.000000]   Device   empty
[    0.000000] Movable zone start for each node
[    0.000000] Early memory node ranges
[    0.000000]   node   0: [mem 0x0000000000001000-0x000000000009efff]
[    0.000000]   node   0: [mem 0x0000000000100000-0x000000003ffeffff]
[    0.000000] Initmem setup node 0 [mem 0x0000000000001000-0x000000003ffeffff]
[    0.000000] ACPI: PM-Timer IO Port: 0x4008
[    0.000000] IOAPIC[0]: apic_id 2, version 32, address 0xfec00000, GSI 0-23
[    0.000000] ACPI: INT_SRC_OVR (bus 0 bus_irq 0 global_irq 2 dfl dfl)
[    0.000000] ACPI: INT_SRC_OVR (bus 0 bus_irq 9 global_irq 9 low level)
[    0.000000] Using ACPI (MADT) for SMP configuration information
[    0.000000] smpboot: Allowing 2 CPUs, 0 hotplug CPUs
[    0.000000] PM: Registered nosave memory: [mem 0x00000000-0x00000fff]
[    0.000000] PM: Registered nosave memory: [mem 0x0009f000-0x0009ffff]
[    0.000000] PM: Registered nosave memory: [mem 0x000a0000-0x000effff]
[    0.000000] PM: Registered nosave memory: [mem 0x000f0000-0x000fffff]
[    0.000000] e820: [mem 0x40000000-0xfebfffff] available for PCI devices
[    0.000000] Booting paravirtualized kernel on KVM
[    0.000000] clocksource: refined-jiffies: mask: 0xffffffff max_cycles: 0xffffffff, max_idle_ns: 7645519600211568 ns
[    0.000000] setup_percpu: NR_CPUS:512 nr_cpumask_bits:512 nr_cpu_ids:2 nr_node_ids:1
[    0.000000] PERCPU: Embedded 33 pages/cpu @ffff88003fc00000 s95192 r8192 d31784 u1048576
[    0.000000] Built 1 zonelists in Node order, mobility grouping on.  Total pages: 257912
[    0.000000] Policy zone: DMA32
[    0.000000] Kernel command line: BOOT_IMAGE=/boot/vmlinuz-4.4.0-210-generic root=LABEL=cloudimg-rootfs ro console=tty1 console=ttyS0
[    0.000000] PID hash table entries: 4096 (order: 3, 32768 bytes)
[    0.000000] Memory: 997792K/1048120K available (8644K kernel code, 1332K rwdata, 4044K rodata, 1492K init, 1164K bss, 50328K reserved, 0K cma-reserved)
[    0.000000] SLUB: HWalign=64, Order=0-3, MinObjects=0, CPUs=2, Nodes=1
[    0.000000] Kernel/User page tables isolation: enabled
[    0.000000] Hierarchical RCU implementation.
[    0.000000] 	Build-time adjustment of leaf fanout to 64.
[    0.000000] 	RCU restricting CPUs from NR_CPUS=512 to nr_cpu_ids=2.
[    0.000000] RCU: Adjusting geometry for rcu_fanout_leaf=64, nr_cpu_ids=2
[    0.000000] NR_IRQS:33024 nr_irqs:440 16
[    0.000000] Console: colour VGA+ 80x25
[    0.000000] console [tty1] enabled
[    0.000000] console [ttyS0] enabled
[    0.000000] tsc: Detected 2699.998 MHz processor
[    0.240233] Calibrating delay loop (skipped) preset value.. 5399.99 BogoMIPS (lpj=10799992)
[    0.242820] pid_max: default: 32768 minimum: 301
[    0.244137] ACPI: Core revision 20150930
[    0.246202] ACPI: 2 ACPI AML tables successfully acquired and loaded
[    0.249571] Security Framework initialized
[    0.251275] Yama: becoming mindful.
[    0.253226] AppArmor: AppArmor initialized
[    0.254473] Dentry cache hash table entries: 131072 (order: 8, 1048576 bytes)
[    0.260057] Inode-cache hash table entries: 65536 (order: 7, 524288 bytes)
[    0.263061] Mount-cache hash table entries: 2048 (order: 2, 16384 bytes)
[    0.266924] Mountpoint-cache hash table entries: 2048 (order: 2, 16384 bytes)
[    0.269952] Initializing cgroup subsys io
[    0.271259] Initializing cgroup subsys memory
[    0.272567] Initializing cgroup subsys devices
[    0.274138] Initializing cgroup subsys freezer
[    0.275931] Initializing cgroup subsys net_cls
[    0.277331] Initializing cgroup subsys perf_event
[    0.278681] Initializing cgroup subsys net_prio
[    0.280123] Initializing cgroup subsys hugetlb
[    0.281516] Initializing cgroup subsys pids
[    0.291160] mce: CPU supports 0 MCE banks
[    0.292969] Last level iTLB entries: 4KB 64, 2MB 8, 4MB 8
[    0.294815] Last level dTLB entries: 4KB 64, 2MB 0, 4MB 0, 1GB 4
[    0.298852] Spectre V1 : Mitigation: usercopy/swapgs barriers and __user pointer sanitization
[    0.302803] Spectre V2 : Mitigation: Full generic retpoline
[    0.305321] Spectre V2 : Spectre v2 / SpectreRSB mitigation: Filling RSB on context switch
[    0.307971] Speculative Store Bypass: Vulnerable
[    0.309464] SRBDS: Unknown: Dependent on hypervisor status
[    0.311493] MDS: Mitigation: Clear CPU buffers
[    0.316469] Freeing SMP alternatives memory: 36K
[    0.325161] ftrace: allocating 32380 entries in 127 pages
[    0.393019] smpboot: APIC(0) Converting physical 0 to logical package 0
[    0.398406] smpboot: Max logical packages: 1
[    0.401764] x2apic enabled
[    0.403102] Switched APIC routing to physical x2apic.
[    0.405955] ..TIMER: vector=0x30 apic1=0 pin1=2 apic2=-1 pin2=-1
[    0.516491] smpboot: CPU0: Intel(R) Core(TM) i5-5257U CPU @ 2.70GHz (family: 0x6, model: 0x3d, stepping: 0x4)
[    0.523274] Performance Events: unsupported p6 CPU model 61 no PMU driver, software events only.
[    0.551935] KVM setup paravirtual spinlock
[    0.557602] x86: Booting SMP configuration:
[    0.559381] .... node  #0, CPUs:      #1
[    0.560898] kvm-clock: cpu 1, msr 0:3ffe3041, secondary cpu clock
[    0.571925] mce: CPU supports 0 MCE banks
[    0.576954] x86: Booted up 1 node, 2 CPUs
[    0.581427] smpboot: Total of 2 processors activated (10799.99 BogoMIPS)
[    0.584654] devtmpfs: initialized
[    0.587226] evm: security.selinux
[    0.588550] evm: security.SMACK64
[    0.590680] evm: security.SMACK64EXEC
[    0.592093] evm: security.SMACK64TRANSMUTE
[    0.593644] evm: security.SMACK64MMAP
[    0.594878] evm: security.ima
[    0.596188] evm: security.capability
[    0.598200] clocksource: jiffies: mask: 0xffffffff max_cycles: 0xffffffff, max_idle_ns: 7645041785100000 ns
[    0.601828] futex hash table entries: 512 (order: 3, 32768 bytes)
[    0.603899] pinctrl core: initialized pinctrl subsystem
[    0.605902] RTC time: 15:05:34, date: 08/11/22
[    0.607865] NET: Registered protocol family 16
[    0.625845] cpuidle: using governor ladder
[    0.637573] cpuidle: using governor menu
[    0.638990] PCCT header not found.
[    0.640267] ACPI: bus type PCI registered
[    0.642167] acpiphp: ACPI Hot Plug PCI Controller Driver version: 0.5
[    0.644536] PCI: Using configuration type 1 for base access
[    0.658544] ACPI: Added _OSI(Module Device)
[    0.659982] ACPI: Added _OSI(Processor Device)
[    0.661526] ACPI: Added _OSI(3.0 _SCP Extensions)
[    0.663132] ACPI: Added _OSI(Processor Aggregator Device)
[    0.665808] ACPI: Executed 1 blocks of module-level executable AML code
[    0.670214] ACPI: Interpreter enabled
[    0.672154] ACPI: (supports S0 S5)
[    0.673243] ACPI: Using IOAPIC for interrupt routing
[    0.676788] PCI: Using host bridge windows from ACPI; if necessary, use "pci=nocrs" and report a bug
[    0.686469] ACPI: PCI Root Bridge [PCI0] (domain 0000 [bus 00-ff])
[    0.688592] acpi PNP0A03:00: _OSC: OS supports [ASPM ClockPM Segments MSI]
[    0.691188] acpi PNP0A03:00: _OSC: not requesting OS control; OS requires [ExtendedConfig ASPM ClockPM MSI]
[    0.694651] acpi PNP0A03:00: fail to add MMCONFIG information, can't access extended PCI configuration space under this bridge.
[    0.699687] PCI host bridge to bus 0000:00
[    0.701201] pci_bus 0000:00: root bus resource [io  0x0000-0x0cf7 window]
[    0.703595] pci_bus 0000:00: root bus resource [io  0x0d00-0xffff window]
[    0.707058] pci_bus 0000:00: root bus resource [mem 0x000a0000-0x000bffff window]
[    0.710524] pci_bus 0000:00: root bus resource [mem 0x40000000-0xfdffffff window]
[    0.715380] pci_bus 0000:00: root bus resource [bus 00-ff]
[    0.720604] pci 0000:00:01.1: legacy IDE quirk: reg 0x10: [io  0x01f0-0x01f7]
[    0.723287] pci 0000:00:01.1: legacy IDE quirk: reg 0x14: [io  0x03f6]
[    0.725256] pci 0000:00:01.1: legacy IDE quirk: reg 0x18: [io  0x0170-0x0177]
[    0.739348] pci 0000:00:01.1: legacy IDE quirk: reg 0x1c: [io  0x0376]
[    0.764765] pci 0000:00:07.0: quirk: [io  0x4000-0x403f] claimed by PIIX4 ACPI
[    0.767822] pci 0000:00:07.0: quirk: [io  0x4100-0x410f] claimed by PIIX4 SMB
[    0.778768] ACPI: PCI Interrupt Link [LNKA] (IRQs 5 9 10 *11)
[    0.781526] ACPI: PCI Interrupt Link [LNKB] (IRQs 5 9 *10 11)
[    0.784109] ACPI: PCI Interrupt Link [LNKC] (IRQs 5 *9 10 11)
[    0.787864] ACPI: PCI Interrupt Link [LNKD] (IRQs 5 9 10 *11)
[    0.790360] ACPI: Enabled 2 GPEs in block 00 to 07
[    0.792550] vgaarb: setting as boot device: PCI:0000:00:02.0
[    0.794764] vgaarb: device added: PCI:0000:00:02.0,decodes=io+mem,owns=io+mem,locks=none
[    0.797884] vgaarb: loaded
[    0.798800] vgaarb: bridge control possible 0000:00:02.0
[    0.800604] SCSI subsystem initialized
[    0.802587] ACPI: bus type USB registered
[    0.804019] usbcore: registered new interface driver usbfs
[    0.805611] usbcore: registered new interface driver hub
[    0.808051] usbcore: registered new device driver usb
[    0.812601] PCI: Using ACPI for IRQ routing
[    0.815047] NetLabel: Initializing
[    0.816229] NetLabel:  domain hash size = 128
[    0.817771] NetLabel:  protocols = UNLABELED CIPSOv4
[    0.819934] NetLabel:  unlabeled traffic allowed by default
[    0.822381] amd_nb: Cannot enumerate AMD northbridges
[    0.824162] clocksource: Switched to clocksource kvm-clock
[    0.835859] AppArmor: AppArmor Filesystem Enabled
[    0.838330] pnp: PnP ACPI init
[    0.840649] pnp: PnP ACPI: found 3 devices
[    0.850719] clocksource: acpi_pm: mask: 0xffffff max_cycles: 0xffffff, max_idle_ns: 2085701024 ns
[    0.854261] NET: Registered protocol family 2
[    0.856760] TCP established hash table entries: 8192 (order: 4, 65536 bytes)
[    0.859970] TCP bind hash table entries: 8192 (order: 5, 131072 bytes)
[    0.861996] TCP: Hash tables configured (established 8192 bind 8192)
[    0.864175] UDP hash table entries: 512 (order: 2, 16384 bytes)
[    0.866476] UDP-Lite hash table entries: 512 (order: 2, 16384 bytes)
[    0.869525] NET: Registered protocol family 1
[    0.870867] pci 0000:00:00.0: Limiting direct PCI/PCI transfers
[    0.872666] pci 0000:00:01.0: Activating ISA DMA hang workarounds
[    0.875419] Unpacking initramfs...
[    1.144641] Freeing initrd memory: 14888K
[    1.146789] RAPL PMU detected, API unit is 2^-32 Joules, 4 fixed counters 10737418240 ms ovfl timer
[    1.151053] hw unit of domain pp0-core 2^-0 Joules
[    1.152813] hw unit of domain package 2^-0 Joules
[    1.154609] hw unit of domain dram 2^-0 Joules
[    1.156121] hw unit of domain pp1-gpu 2^-0 Joules
[    1.157956] clocksource: tsc: mask: 0xffffffffffffffff max_cycles: 0x26eb3cc21a9, max_idle_ns: 440795299783 ns
[    1.161504] platform rtc_cmos: registered platform RTC device (no PNP device found)
[    1.164382] Scanning for low memory corruption every 60 seconds
[    1.167466] audit: initializing netlink subsys (disabled)
[    1.169967] audit: type=2000 audit(1660230340.951:1): initialized
[    1.172365] Initialise system trusted keyring
[    1.174312] HugeTLB registered 2 MB page size, pre-allocated 0 pages
[    1.177834] zbud: loaded
[    1.179624] VFS: Disk quotas dquot_6.6.0
[    1.181433] VFS: Dquot-cache hash table entries: 512 (order 0, 4096 bytes)
[    1.184319] squashfs: version 4.0 (2009/01/31) Phillip Lougher
[    1.186858] fuse init (API version 7.23)
[    1.188328] Key type big_key registered
[    1.189897] Allocating IMA MOK and blacklist keyrings.
[    1.193047] Key type asymmetric registered
[    1.194412] Asymmetric key parser 'x509' registered
[    1.196503] Block layer SCSI generic (bsg) driver version 0.4 loaded (major 249)
[    1.199538] io scheduler noop registered
[    1.200942] io scheduler deadline registered (default)
[    1.202813] io scheduler cfq registered
[    1.205176] pci_hotplug: PCI Hot Plug PCI Core version: 0.5
[    1.207204] pciehp: PCI Express Hot Plug Controller Driver version: 0.4
[    1.210362] ACPI: AC Adapter [AC] (off-line)
[    1.212002] input: Power Button as /devices/LNXSYSTM:00/LNXPWRBN:00/input/input0
[    1.216151] ACPI: Power Button [PWRF]
[    1.217975] input: Sleep Button as /devices/LNXSYSTM:00/LNXSLPBN:00/input/input1
[    1.222528] ACPI: Sleep Button [SLPF]
[    1.225550] ACPI: Battery Slot [BAT0] (battery present)
[    1.228053] GHES: HEST is not enabled!
[    1.231036] Serial: 8250/16550 driver, 32 ports, IRQ sharing enabled
[    1.254568] 00:02: ttyS0 at I/O 0x3f8 (irq = 4, base_baud = 115200) is a 16550A
[    1.258573] Linux agpgart interface v0.103
[    1.261932] loop: module loaded
[    1.263871] scsi host0: ata_piix
[    1.265278] scsi host1: ata_piix
[    1.266468] ata1: PATA max UDMA/33 cmd 0x1f0 ctl 0x3f6 bmdma 0xd000 irq 14
[    1.269241] ata2: PATA max UDMA/33 cmd 0x170 ctl 0x376 bmdma 0xd008 irq 15
[    1.271477] libphy: Fixed MDIO Bus: probed
[    1.273610] tun: Universal TUN/TAP device driver, 1.6
[    1.275822] tun: (C) 1999-2004 Max Krasnyansky <maxk@qualcomm.com>
[    1.278176] PPP generic driver version 2.4.2
[    1.279879] ehci_hcd: USB 2.0 'Enhanced' Host Controller (EHCI) Driver
[    1.282114] ehci-pci: EHCI PCI platform driver
[    1.283706] ehci-platform: EHCI generic platform driver
[    1.286560] ohci_hcd: USB 1.1 'Open' Host Controller (OHCI) Driver
[    1.289181] ohci-pci: OHCI PCI platform driver
[    1.290696] ohci-platform: OHCI generic platform driver
[    1.292787] uhci_hcd: USB Universal Host Controller Interface driver
[    1.295349] i8042: PNP: PS/2 Controller [PNP0303:PS2K,PNP0f03:PS2M] at 0x60,0x64 irq 1,12
[    1.299340] serio: i8042 KBD port at 0x60,0x64 irq 1
[    1.301103] serio: i8042 AUX port at 0x60,0x64 irq 12
[    1.302704] mousedev: PS/2 mouse device common for all mice
[    1.305249] input: AT Translated Set 2 keyboard as /devices/platform/i8042/serio0/input/input2
[    1.308498] rtc_cmos rtc_cmos: rtc core: registered rtc_cmos as rtc0
[    1.310986] rtc_cmos rtc_cmos: alarms up to one day, 114 bytes nvram
[    1.312875] i2c /dev entries driver
[    1.314105] device-mapper: uevent: version 1.0.3
[    1.315720] device-mapper: ioctl: 4.34.0-ioctl (2015-10-28) initialised: dm-devel@redhat.com
[    1.318631] ledtrig-cpu: registered to indicate activity on CPUs
[    1.321076] NET: Registered protocol family 10
[    1.322937] NET: Registered protocol family 17
[    1.324469] Key type dns_resolver registered
[    1.326501] registered taskstats version 1
[    1.327890] Loading compiled-in X.509 certificates
[    1.330303] Loaded X.509 cert 'Build time autogenerated kernel key: cf00e047681d67edb2720680708b7d9498083038'
[    1.334908] zswap: loaded using pool lzo/zbud
[    1.338791] Key type trusted registered
[    1.344474] Key type encrypted registered
[    1.345941] AppArmor: AppArmor sha1 policy hashing enabled
[    1.348192] ima: No TPM chip found, activating TPM-bypass!
[    1.349908] ima: Allocated hash algorithm: sha1
[    1.351339] evm: HMAC attrs: 0x1
[    1.352932]   Magic number: 2:941:82
[    1.354165] rtc_cmos rtc_cmos: setting system clock to 2022-08-11 15:05:35 UTC (1660230335)
[    1.359089] BIOS EDD facility v0.16 2004-Jun-25, 0 devices found
[    1.360978] EDD information not available.
[    1.453843] Freeing unused kernel memory: 1492K
[    1.455584] Write protecting the kernel read-only data: 14336k
[    1.458844] Freeing unused kernel memory: 1584K
[    1.460442] Freeing unused kernel memory: 52K
Loading, please wait...
starting version 229
[    1.479770] random: systemd-udevd: uninitialized urandom read (16 bytes read, 3 bits of entropy available)
[    1.481015] random: udevadm: uninitialized urandom read (16 bytes read, 3 bits of entropy available)
[    1.481037] random: udevadm: uninitialized urandom read (16 bytes read, 3 bits of entropy available)
[    1.491420] random: systemd-udevd: uninitialized urandom read (16 bytes read, 3 bits of entropy available)
[    1.491643] random: udevadm: uninitialized urandom read (16 bytes read, 3 bits of entropy available)
[    1.491709] random: udevadm: uninitialized urandom read (16 bytes read, 3 bits of entropy available)
[    1.492060] random: udevadm: uninitialized urandom read (16 bytes read, 3 bits of entropy available)
[    1.492136] random: udevadm: uninitialized urandom read (16 bytes read, 3 bits of entropy available)
[    1.493301] random: udevadm: uninitialized urandom read (16 bytes read, 3 bits of entropy available)
[    1.493427] random: udevadm: uninitialized urandom read (16 bytes read, 3 bits of entropy available)
[    1.557650] e1000: Intel(R) PRO/1000 Network Driver - version 7.3.21-k8-NAPI
[    1.560613] e1000: Copyright (c) 1999-2006 Intel Corporation.
[    1.565655] Fusion MPT base driver 3.04.20
[    1.567422] Copyright (c) 1999-2008 LSI Corporation
[    1.577356] Fusion MPT SPI Host driver 3.04.20
[    1.597716] AVX2 version of gcm_enc/dec engaged.
[    1.600196] AES CTR mode by8 optimization enabled
[    1.806753] input: ImExPS/2 Generic Explorer Mouse as /devices/platform/i8042/serio1/input/input4
[    2.818524] e1000 0000:00:03.0 eth0: (PCI:33MHz:32-bit) 02:be:82:6b:cc:1d
[    2.823550] e1000 0000:00:03.0 eth0: Intel(R) PRO/1000 Network Connection
[    2.830745] mptbase: ioc0: Initiating bringup
[    2.831790] e1000 0000:00:03.0 enp0s3: renamed from eth0
[    2.905083] ioc0: LSI53C1030 A0: Capabilities={Initiator}
[    3.066288] scsi host2: ioc0: LSI53C1030 A0, FwRev=00000000h, Ports=1, MaxQ=256, IRQ=20
[    3.181264] scsi 2:0:0:0: Direct-Access     VBOX     HARDDISK         1.0  PQ: 0 ANSI: 5
[    3.184764] scsi target2:0:0: Beginning Domain Validation
[    3.189556] scsi target2:0:0: Domain Validation skipping write tests
[    3.191408] scsi target2:0:0: Ending Domain Validation
[    3.203057] scsi target2:0:0: asynchronous
[    3.205515] scsi 2:0:1:0: Direct-Access     VBOX     HARDDISK         1.0  PQ: 0 ANSI: 5
[    3.208754] scsi target2:0:1: Beginning Domain Validation
[    3.212517] scsi target2:0:1: Domain Validation skipping write tests
[    3.216181] scsi target2:0:1: Ending Domain Validation
[    3.218495] scsi target2:0:1: asynchronous
[    3.227028] sd 2:0:0:0: Attached scsi generic sg0 type 0
[    3.228941] sd 2:0:0:0: [sda] 83886080 512-byte logical blocks: (42.9 GB/40.0 GiB)
[    3.231693] sd 2:0:1:0: [sdb] 20480 512-byte logical blocks: (10.5 MB/10.0 MiB)
[    3.234689] sd 2:0:1:0: Attached scsi generic sg1 type 0
[    3.236540] sd 2:0:0:0: [sda] Write Protect is off
[    3.238494] sd 2:0:1:0: [sdb] Write Protect is off
[    3.240224] sd 2:0:0:0: [sda] Incomplete mode parameter data
[    3.242050] sd 2:0:0:0: [sda] Assuming drive cache: write through
[    3.244528] sd 2:0:1:0: [sdb] Incomplete mode parameter data
[    3.246545] sd 2:0:1:0: [sdb] Assuming drive cache: write through
[    3.251685]  sda: sda1
[    3.252633] sd 2:0:1:0: [sdb] Attached SCSI disk
[    3.255915] sd 2:0:0:0: [sda] Attached SCSI disk
Begin: Loading essential drivers ... [    4.634854] md: linear personality registered for level -1
[    4.640468] md: multipath personality registered for level -4
[    4.645920] md: raid0 personality registered for level 0
[    4.653833] md: raid1 personality registered for level 1
[    4.728269] raid6: sse2x1   gen()  8638 MB/s
[    4.796357] raid6: sse2x1   xor()  6504 MB/s
[    4.864251] raid6: sse2x2   gen() 10862 MB/s
[    4.932348] raid6: sse2x2   xor()  6979 MB/s
[    5.000307] raid6: sse2x4   gen()  9999 MB/s
[    5.068348] raid6: sse2x4   xor()  4712 MB/s
[    5.140282] raid6: avx2x1   gen()  8027 MB/s
[    5.208264] raid6: avx2x2   gen() 18769 MB/s
[    5.276241] raid6: avx2x4   gen() 21785 MB/s
[    5.278302] raid6: using algorithm avx2x4 gen() 21785 MB/s
[    5.280384] raid6: using avx2x2 recovery algorithm
[    5.283915] xor: automatically using best checksumming function:
[    5.324229]    avx       : 23848.000 MB/sec
[    5.328097] async_tx: api initialized (async)
[    5.340782] md: raid6 personality registered for level 6
[    5.343126] md: raid5 personality registered for level 5
[    5.345278] md: raid4 personality registered for level 4
[    5.356586] md: raid10 personality registered for level 10
done.
Begin: Running /scripts/init-premount ... done.
Begin: Mounting root file system ... Begin: Running /scripts/local-top ... done.
Begin: Running /scripts/local-premount ... [    5.396385] Btrfs loaded
Scanning for Btrfs filesystems
done.
Warning: fsck not present, so skipping root file system
[    5.433849] EXT4-fs (sda1): mounted filesystem with ordered data mode. Opts: (null)
done.
Begin: Running /scripts/local-bottom ... done.
Begin: Running /scripts/init-bottom ... done.
[    5.689590] systemd[1]: systemd 229 running in system mode. (+PAM +AUDIT +SELINUX +IMA +APPARMOR +SMACK +SYSVINIT +UTMP +LIBCRYPTSETUP +GCRYPT +GNUTLS +ACL +XZ -LZ4 +SECCOMP +BLKID +ELFUTILS +KMOD -IDN)
[    5.695165] systemd[1]: Detected virtualization oracle.
[    5.697250] systemd[1]: Detected architecture x86-64.

Welcome to [1mUbuntu 16.04.7 LTS[0m!

[    5.703711] systemd[1]: Set hostname to <ubuntu>.
[    5.708092] systemd[1]: Initializing machine ID from random generator.
[    5.710011] systemd[1]: Installed transient /etc/machine-id file.
[    5.894544] systemd[1]: Listening on udev Kernel Socket.
[[0;32m  OK  [0m] Listening on udev Kernel Socket.
[    5.897804] systemd[1]: Reached target User and Group Name Lookups.
[[0;32m  OK  [0m] Reached target User and Group Name Lookups.
[    5.901465] systemd[1]: Reached target Encrypted Volumes.
[[0;32m  OK  [0m] Reached target Encrypted Volumes.
[    5.904710] systemd[1]: Started Trigger resolvconf update for networkd DNS.
[[0;32m  OK  [0m] Started Trigger resolvconf update for networkd DNS.
[    5.909405] systemd[1]: Started Forward Password Requests to Wall Directory Watch.
[[0;32m  OK  [0m] Started Forward Password Requests to Wall Directory Watch.
[    5.913907] systemd[1]: Reached target Swap.
[[0;32m  OK  [0m] Reached target Swap.
[    5.917478] systemd[1]: Listening on /dev/initctl Compatibility Named Pipe.
[[0;32m  OK  [0m] Listening on /dev/initctl Compatibility Named Pipe.
[    5.922752] systemd[1]: Listening on Journal Audit Socket.
[[0;32m  OK  [0m] Listening on Journal Audit Socket.
[    5.927218] systemd[1]: Reached target System Time Synchronized.
[[0;32m  OK  [0m] Reached target System Time Synchronized.
[    5.932692] systemd[1]: Listening on fsck to fsckd communication Socket.
[[0;32m  OK  [0m] Listening on fsck to fsckd communication Socket.
[    5.937919] systemd[1]: Listening on udev Control Socket.
[[0;32m  OK  [0m] Listening on udev Control Socket.
[    5.942352] systemd[1]: Listening on LVM2 poll daemon socket.
[[0;32m  OK  [0m] Listening on LVM2 poll daemon socket.
[    5.947991] systemd[1]: Listening on LVM2 metadata daemon socket.
[[0;32m  OK  [0m] Listening on LVM2 metadata daemon socket.
[    5.952775] systemd[1]: Listening on Syslog Socket.
[[0;32m  OK  [0m] Listening on Syslog Socket.
[    5.957556] systemd[1]: Listening on Journal Socket.
[[0;32m  OK  [0m] Listening on Journal Socket.
[    5.961165] systemd[1]: Listening on Journal Socket (/dev/log).
[[0;32m  OK  [0m] Listening on Journal Socket (/dev/log).
[    5.967012] systemd[1]: Created slice System Slice.
[[0;32m  OK  [0m] Created slice System Slice.
[    5.980939] systemd[1]: Starting Set console keymap...
         Starting Set console keymap...
[    5.993468] systemd[1]: Created slice system-serial\x2dgetty.slice.
[[0;32m  OK  [0m] Created slice system-serial\x2dgetty.slice.
[    6.005554] systemd[1]: Starting Nameserver information manager...
         Starting Nameserver information manager...
[    6.012112] systemd[1]: Mounting Huge Pages File System...
         Mounting Huge Pages File System...
[    6.022228] systemd[1]: Starting Journal Service...
         Starting Journal Service...
[    6.032532] systemd[1]: Mounting POSIX Message Queue File System...
         Mounting POSIX Message Queue File System...
[    6.045302] systemd[1]: Mounting Debug File System...
         Mounting Debug File System...
[    6.052863] systemd[1]: Starting Uncomplicated firewall...
         Starting Uncomplicated firewall...
[    6.059267] systemd[1]: Starting Create list of required static device nodes for the current kernel...
         Starting Create list of required st... nodes for the current kernel...
[    6.073303] systemd[1]: Starting Load Kernel Modules...
         Starting Load Kernel Modules...
[    6.079033] systemd[1]: Set up automount Arbitrary Executable File Formats File System Automount Point.
[[0;32m  OK  [0m] Set up automount Arbitrary Executab...ats File System Automount Point.
[    6.095381] systemd[1]: Starting File System Check on Root Device...
         Starting File System Check on Root Device...
[    6.102170] systemd[1]: Listening on Device-mapper event daemon FIFOs.
[    6.105919] Loading iSCSI transport class v2.0-870.
[[0;32m  OK  [0m] Listening on Device-mapper event daemon FIFOs.
[    6.121175] iscsi: registered transport (tcp)
[    6.132667] systemd[1]: Starting Monitoring of LVM2 mirrors, snapshots etc. using dmeventd or progress polling...
         Starting Monitoring of LVM2 mirrors... dmeventd or progress polling...
[    6.143438] systemd[1]: Created slice User and Session Slice.
[[0;32m  OK  [0m] Created slice User and Session Slice.
[    6.157605] systemd[1]: Reached target Slices.
[[0;32m  OK  [0m] Reached target Slices.
[    6.180807] iscsi: registered transport (iser)
[    6.202999] systemd[1]: Mounted Huge Pages File System.
[[0;32m  OK  [0m] Mounted Huge Pages File System.
[    6.222729] systemd[1]: Mounted POSIX Message Queue File System.
[[0;32m  OK  [0m] Mounted POSIX Message Queue File System.
[    6.238052] systemd[1]: Mounted Debug File System.
[[0;32m  OK  [0m] Mounted Debug File System.
[    6.252389] systemd[1]: Started Journal Service.
[[0;32m  OK  [0m] Started Journal Service.
[[0;32m  OK  [0m] Started Set console keymap.
[[0;32m  OK  [0m] Started Uncomplicated firewall.
[[0;32m  OK  [0m] Started Create list of required sta...ce nodes for the current kernel.
[[0;32m  OK  [0m] Started Load Kernel Modules.
[[0;32m  OK  [0m] Started File System Check on Root Device.
[[0;32m  OK  [0m] Started Nameserver information manager.
[    6.313327] random: nonblocking pool is initialized
[[0;32m  OK  [0m] Started File System Check Daemon to report status.
[[0;32m  OK  [0m] Started LVM2 metadata daemon.
         Starting Remount Root and Kernel File Systems...
[    6.335885] EXT4-fs (sda1): re-mounted. Opts: (null)
         Mounting FUSE Control File System...
         Starting Apply Kernel Variables...
         Starting Create Static Device Nodes in /dev...
[[0;32m  OK  [0m] Mounted FUSE Control File System.
[[0;32m  OK  [0m] Started Remount Root and Kernel File Systems.
[[0;32m  OK  [0m] Started Apply Kernel Variables.
         Starting udev Coldplug all Devices...
         Starting Load/Save Random Seed...
         Starting Flush Journal to Persistent Storage...
[[0;32m  OK  [0m] Started Create Static Device Nodes in /dev.
[[0;32m  OK  [0m] Started Load/Save Random Seed.
         Starting udev Kernel Device Manager...
[[0;32m  OK  [0m] Started Flush Journal to Persistent Storage.
[[0;32m  OK  [0m] Started udev Kernel Device Manager.
[[0;32m  OK  [0m] Started udev Coldplug all Devices.
[[0;32m  OK  [0m] Started Dispatch Password Requests to Console Directory Watch.
[[0;32m  OK  [0m] Started Monitoring of LVM2 mirrors,...ng dmeventd or progress polling.
[[0;32m  OK  [0m] Reached target Local File Systems (Pre).
[[0;32m  OK  [0m] Reached target Local File Systems.
         Starting Create Volatile Files and Directories...
         Starting Initial cloud-init job (pre-networking)...
         Starting Tell Plymouth To Write Out Runtime Data...
         Starting LSB: AppArmor initialization...
         Starting Commit a transient machine-id on disk...
         Starting Set console font and keymap...
[[0;32m  OK  [0m] Started Create Volatile Files and Directories.
[[0;32m  OK  [0m] Started Tell Plymouth To Write Out Runtime Data.
[[0;32m  OK  [0m] Started Commit a transient machine-id on disk.
[[0;32m  OK  [0m] Found device /dev/ttyS0.
         Starting Update UTMP about System Boot/Shutdown...
[[0;32m  OK  [0m] Started Update UTMP about System Boot/Shutdown.
[[0;32m  OK  [0m] Listening on Load/Save RF Kill Switch Status /dev/rfkill Watch.
[    8.140225] cloud-init[503]: Cloud-init v. 21.1-19-gbad84ad4-0ubuntu1~16.04.2 running 'init-local' at Thu, 11 Aug 2022 15:05:42 +0000. Up 7.55 seconds.
[[0;32m  OK  [0m] Started LSB: AppArmor initialization.
         Starting Load AppArmor profiles managed internally by snapd...
[[0;32m  OK  [0m] Started Initial cloud-init job (pre-networking).
[[0;32m  OK  [0m] Started Load AppArmor profiles managed internally by snapd.
[[0;32m  OK  [0m] Reached target Network (Pre).
         Starting Raise network interfaces...
[[0;32m  OK  [0m] Started Set console font and keymap.
[[0;32m  OK  [0m] Created slice system-getty.slice.
[[0;32m  OK  [0m] Started Raise network interfaces.
[[0;32m  OK  [0m] Reached target Network.
         Starting Initial cloud-init job (metadata service crawler)...
[    9.740343] cloud-init[947]: Cloud-init v. 21.1-19-gbad84ad4-0ubuntu1~16.04.2 running 'init' at Thu, 11 Aug 2022 15:05:43 +0000. Up 9.01 seconds.
[    9.753428] cloud-init[947]: ci-info: ++++++++++++++++++++++++++++++++++++++Net device info++++++++++++++++++++++++++++++++++++++
[    9.757455] cloud-init[947]: ci-info: +--------+------+----------------------------+---------------+--------+-------------------+
[    9.761803] cloud-init[947]: ci-info: | Device |  Up  |          Address           |      Mask     | Scope  |     Hw-Address    |
[    9.772784] cloud-init[947]: ci-info: +--------+------+----------------------------+---------------+--------+-------------------+
[    9.777173] cloud-init[947]: ci-info: | enp0s3 | True |         10.0.2.15          | 255.255.255.0 | global | 02:be:82:6b:cc:1d |
[    9.782555] cloud-init[947]: ci-info: | enp0s3 | True | fe80::be:82ff:fe6b:cc1d/64 |       .       |  link  | 02:be:82:6b:cc:1d |
[    9.787886] cloud-init[947]: ci-info: |   lo   | True |         127.0.0.1          |   255.0.0.0   |  host  |         .         |
[    9.791519] cloud-init[947]: ci-info: |   lo   | True |          ::1/128           |       .       |  host  |         .         |
[    9.794823] cloud-init[947]: ci-info: +--------+------+----------------------------+---------------+--------+-------------------+
[    9.798661] cloud-init[947]: ci-info: +++++++++++++++++++++++++++Route IPv4 info++++++++++++++++++++++++++++
[    9.801589] cloud-init[947]: ci-info: +-------+-------------+----------+---------------+-----------+-------+
[    9.805061] cloud-init[947]: ci-info: | Route | Destination | Gateway  |    Genmask    | Interface | Flags |
[    9.812516] cloud-init[947]: ci-info: +-------+-------------+----------+---------------+-----------+-------+
[    9.815350] cloud-init[947]: ci-info: |   0   |   0.0.0.0   | 10.0.2.2 |    0.0.0.0    |   enp0s3  |   UG  |
[    9.818925] cloud-init[947]: ci-info: |   1   |   10.0.2.0  | 0.0.0.0  | 255.255.255.0 |   enp0s3  |   U   |
[    9.822007] cloud-init[947]: ci-info: +-------+-------------+----------+---------------+-----------+-------+
[    9.825208] [cloud-init[0;32m  OK  [0m[947]: ] ci-info: +++++++++++++++++++Route IPv6 info+++++++++++++++++++Started Initial cloud-init job (metadata service crawler).

[    9.827418] [[0;32m  OK  [0m] Reached target Cloud-config availability.
[[0;32m  OK  [0m] Reached target Network is Online.
cloud-init[947]: ci-info: +-------+-------------+---------+-----------+-------+
[    9.836125] cloud-init[947]: ci-info: | Route | Destination | Gateway | Interface | Flags |
[    9.844883] cloud-init[947]: ci-info: +-------+-------------+---------+-----------+-------+
[    9.847304] cloud-init[947]: ci-info: |   0   |  fe80::/64  |    ::   |   enp0s3  |   U   |
[    9.849995] cloud-init[947]: ci-info: |   3   |   ff00::/8  |    ::   |   enp0s3  |   U   |
         Starting iSCSI initiator daemon (iscsid)...
[    9.858426] [[0;32m  OK  [0m] Reached target System Initialization.
[[0;32m  OK  [0m] Listening on D-Bus System Message Bus Socket.
cloud-init[947]: ci-info: +-------+-------------+---------+-----------+-------+
[    9.864974]          Starting Socket activation for snappy daemon.
[[0;32m  OK  [0m] Started Daily apt download activities.
cloud-init[947]: Generating public/private rsa key pair.
[[0;32m  OK  [0m] Listening on UUID daemon activation socket.
[[0;32m  OK  [0m] Started Daily Cleanup of Temporary Directories.
[    9.873770] cloud-init[947]: Your identification has been saved in /etc/ssh/ssh_host_rsa_key.
[[0;32m  OK  [0m] Started ACPI Events Check.
[[0;32m  OK  [0m] Reached target Paths.
[    9.883167] cloud-init[947]: Your public key has been saved in /etc/ssh/ssh_host_rsa_key.pub.
[    9.889184]          Starting LXD - unix socket.
[[0;32m  OK  [0m] Listening on ACPID Listen Socket.
cloud-init[947]: The key fingerprint is:
[    9.892498] cloud-init[[0;32m  OK  [0m] Started Ubuntu Advantage update messaging.
[[0;32m  OK  [0m] Started Daily apt upgrade and clean activities.
[947]: SHA256:itprqHVKM/nUtU5Nq3gQpXEjFH6tQBouOC2uO7t4sCQ root@ubuntu-xenial
[    9.897748] cloud-init[[0;32m  OK  [0m] Started Message of the Day.
[[0;32m  OK  [0m] [947]: Reached target Timers.The key's randomart image is:

[    9.901643] cloud-init[947]: +---[RSA 2048]----+
[[0;32m  OK  [0m] Listening on Socket activation for snappy daemon.
[    9.910325] cloud-init[947]: |    ..+.         |
[    9.916878] cloud-init[947]: | o . =o +.       |
[[0;32m  OK  [0m] Listening on LXD - unix socket.
[[0;32m  OK  [0m] Started iSCSI initiator daemon (iscsid).
[    9.928177] cloud-init[947]: |+ o o o*...      |
[    9.934164] cloud-init[947]: |.o .  oo .       |
[    9.936455] cloud-init[947]: | .     .S .      |
[    9.937659] cloud-init[947]: |E. . o.o + .     |
         Starting Login to default iSCSI targets...
[[0;32m  OK  [0m] Reached target Sockets.
[    9.949977] [[0;32m  OK  [0m] Reached target Basic System.
cloud-init[[0;32m  OK  [0m] Started D-Bus System Message Bus.
[947]: |+o*.+ o.o o      |
[    9.954374] cloud-init[947]: |++oX.  +..       |
[    9.956270] cloud-init[947]: |**o.+...o        |
[    9.958554] cloud-init[947]: +----[SHA256]-----+
[    9.960447] cloud-init[947]: Generating public/private dsa key pair.
[    9.968503] cloud-init[947]: Your identification has been saved in /etc/ssh/ssh_host_dsa_key.
[    9.971697] cloud-init[947]: Your public key has been saved in /etc/ssh/ssh_host_dsa_key.pub.
[    9.975209] cloud-init[947]: The key fingerprint is:
[    9.976863] cloud-init[947]: SHA256:Io/ibt8oKngIZD18MJIUhRtZG9cXSzC6mPzlPg0CZY8 root@ubuntu-xenial
[    9.979470] cloud-init[947]: The key's randomart image is:
[    9.981365] cloud-init[947]: +---[DSA 1024]----+
[    9.982951] cloud-init[947]: |.oB+ ..o.o.      |
[    9.985208] cloud-init[947]: | * o+o..o..      |
[    9.987367] cloud-init[947]: |  *.=.o ..       |
[    9.988843] cloud-init[947]: | +.=oE..         |
[    9.991069] cloud-init[947]: |o  +=...S        |
[    9.993292] cloud-init[947]: |.   .=oo         |
[    9.995686] cloud-init[947]: |o.. ..o.o        |
[    9.998012] cloud-init[947]: |+.+. o.. .       |
[    9.999973] cloud-init[947]: |o=ooo ...        |
[   10.001945] cloud-init[947]: +----[SHA256]-----+
[   10.003785] cloud-init[947]: Generating public/private ecdsa key pair.
[   10.006382] cloud-init[947]: Your identification has been saved in /etc/ssh/ssh_host_ecdsa_key.
[   10.010173] cloud-init[947]: Your public key has been saved in /etc/ssh/ssh_host_ecdsa_key.pub.
[   10.012218] cloud-init[947]: The key fingerprint is:
[   10.014142] cloud-init[947]: SHA256:JjqLCPYidqcVylY/4POB4+vbqB70keYTNeX8pear4yw root@ubuntu-xenial         Starting LSB: Record successful boot for GRUB...

         Starting Accounts Service...
[   10.022604] cloud-init[947]: The key's randomart image is:
         Starting LSB: MD monitoring daemon...
         Starting Virtualbox guest utils...
[[0;32m  OK  [0m] Started ACPI event daemon.
         Starting System Logging Service...
[[0;32m  OK  [0m] Started Deferred execution scheduler.
         Starting /etc/rc.local Compatibility...
         Starting Pollinate to seed the pseudo random number generator...
[[0;32m  OK  [0m] Started Regular background program processing daemon.
         Starting Login Service...
[[0;32m  OK  [0m] Started FUSE filesystem for LXC.
         Starting LXD - container startup/shutdown...
[   10.036944] cloud-init[947]: +---[ECDSA 256]---+
         Starting Snap Daemon...
[[0;32m  OK  [0m] Started /etc/rc.local Compatibility.
[[0;32m  OK  [0m] Started System Logging Service.
[   10.108710] cloud-init[947]: |         .       |
[   10.130192] cloud-init[947]: |        +        |
[   10.132241] cloud-init[947]: |       o o   .   |
[   10.134619] cloud-init[947]: |      o . . o    |
[   10.136405] cloud-init[947]: |   . O. S  +     |
[   10.139606] cloud-init[947]: |  o B.Bo  o      |
[   10.142923] cloud-init[947]: |.. =oX +   .     |
[   10.146885] cloud-init[947]: |++oo++BE+.  .    |
[[0;32m  OK  [0m] Started Login Service.
[   10.175221] cloud-init[947]: |+ ==**ooo+o.     |
[   10.183632] cloud-init[947]: +----[SHA256]-----+
[[0;32m  OK  [0m] Started Unattended Upgrades Shutdown.
[   10.194524] cloud-init[947]: Generating public/private ed25519 key pair.
[   10.204939] cloud-init[947]: Your identification has been saved in /etc/ssh/ssh_host_ed25519_key.
[   10.212925] cloud-init[947]: Your public key has been saved in /etc/ssh/ssh_host_ed25519_key.pub.
[[0;32m  OK  [0m] Started Login to default iSCSI targets.
[[0;32m  OK  [0m] Started LSB: Record successful boot for GRUB.
[[0;32m  OK  [0m] Reached target Remote File Systems (Pre).
[[0;32m  OK  [0m] Reached target Remote File Systems.
         Starting LSB: Set the CPU Frequency Scaling governor to "ondemand"...
         Starting LSB: automatic crash report generation...
         Starting Permit User Sessions...
[   10.227377]          Starting LSB: daemon to balance interrupts for SMP systems...
cloud-init[947]: The key fingerprint is:
         Starting Authenticate and Authorize Users to Run Privileged Tasks...
[   10.323963] cloud-init[947]: SHA256:FSQmna+5w78c4gI4Kl8GQu4qphRiQSjpttRK9oZeP9U root@ubuntu-xenial
[   10.347094] cloud-init[947]: The key's randomart image is:
[   10.353107] cloud-init[947]: +--[ED25519 256]--+
[   10.381239] cloud-init[947]: |.o    ..ooo      |
[   10.389396] cloud-init[947]: |=      oo. .     |
[   10.397831] cloud-init[947]: |oo.      ..      |
[[0;32m  OK  [0m] Started LSB: MD monitoring daemon.
[   10.403387] cloud-init[947]: |o*..     ..      |
[   10.413409] cloud-init[947]: |B+*.    So       |
[[0;32m  OK  [0m] Started Permit User Sessions.
[[0;32m  OK  [0m] Started LXD - container startup/shutdown.
[[0;32m  OK  [0m] Started Authenticate and Authorize Users to Run Privileged Tasks.
[   10.420125] cloud-init[947]: |+=+=.  .oE       |
[   10.441199] cloud-init[947]: |.+o.+......      |
[   10.444260] cloud-init[947]: |*o o o..+o .     |
         Starting Hold until boot process finishes up...
         Starting Terminate Plymouth Boot Screen...
[[0;32m  OK  [0m] Started LSB: Set the CPU Frequency Scaling governor to "ondemand".
[[0;32m  OK  [0m] Started Hold until boot process finishes up.
[[0;32m  OK  [0m] Started Terminate Plymouth Boot Screen.
[[0;32m  OK  [0m] Started Accounts Service.
[   10.460504] cloud-init[947]: |B..   ...o+.     |
[[0;32m  OK  [0m] Started LSB: daemon to balance interrupts for SMP systems.
[   10.495154] cloud-init[947]: +----[SHA256]-----+
[[0;32m  OK  [0m] Started Getty on tty1.
[[0;32m  OK  [0m] Started Serial Getty on ttyS0.
[[0;32m  OK  [0m] Reached target Login Prompts.
         Starting Set console scheme...
[[0;32m  OK  [0m] Started LSB: automatic crash report generation.
[[0;32m  OK  [0m] Started Set console scheme.
[[0;32m  OK  [0m] Started Virtualbox guest utils.
[[0;32m  OK  [0m] Started Snap Daemon.
         Starting Wait until snapd is fully seeded...
[[0;32m  OK  [0m] Started Pollinate to seed the pseudo random number generator.
         Starting OpenBSD Secure Shell server...
[[0;32m  OK  [0m] Started OpenBSD Secure Shell server.
[[0;32m  OK  [0m] Created slice User Slice of vagrant.
         Starting User Manager for UID 1000...
[[0;32m  OK  [0m] Started Session 1 of user vagrant.
[[0;32m  OK  [0m] Started User Manager for UID 1000.
[[0;32m  OK  [0m] Started Wait until snapd is fully seeded.
         Starting Apply the settings specified in cloud-config...
[[0;32m  OK  [0m] Reached target Multi-User System.
[[0;32m  OK  [0m] Reached target Graphical Interface.
         Starting Update UTMP about System Runlevel Changes...
[[0;32m  OK  [0m] Started Update UTMP about System Runlevel Changes.
[   12.913126] cloud-init[1367]: Generating locales (this might take a while)...
[   14.169677] cloud-init[1367]:   en_US.UTF-8... done
[   14.177660] cloud-init[1367]: Generation complete.
[   14.855116] cloud-init[1367]: Cloud-init v. 21.1-19-gbad84ad4-0ubuntu1~16.04.2 running 'modules:config' at Thu, 11 Aug 2022 15:05:47 +0000. Up 12.65 seconds.
         Stopping User Manager for UID 1000...
[[0;32m  OK  [0m] Stopped User Manager for UID 1000.
[[0;32m  OK  [0m] Removed slice User Slice of vagrant.
[[0;32m  OK  [0m] Started Apply the settings specified in cloud-config.
         Starting Execute cloud user/final scripts...
[[0;32m  OK  [0m] Created slice User Slice of vagrant.
         Starting User Manager for UID 1000...
[[0;32m  OK  [0m] Started Session 2 of user vagrant.
[[0;32m  OK  [0m] Started User Manager for UID 1000.
ci-info: no authorized SSH keys fingerprints found for user ubuntu.
<14>Aug 11 15:05:50 ec2: 
<14>Aug 11 15:05:50 ec2: #############################################################
<14>Aug 11 15:05:50 ec2: -----BEGIN SSH HOST KEY FINGERPRINTS-----
<14>Aug 11 15:05:50 ec2: 1024 SHA256:Io/ibt8oKngIZD18MJIUhRtZG9cXSzC6mPzlPg0CZY8 root@ubuntu-xenial (DSA)
<14>Aug 11 15:05:50 ec2: 256 SHA256:JjqLCPYidqcVylY/4POB4+vbqB70keYTNeX8pear4yw root@ubuntu-xenial (ECDSA)
<14>Aug 11 15:05:50 ec2: 256 SHA256:FSQmna+5w78c4gI4Kl8GQu4qphRiQSjpttRK9oZeP9U root@ubuntu-xenial (ED25519)
<14>Aug 11 15:05:50 ec2: 2048 SHA256:itprqHVKM/nUtU5Nq3gQpXEjFH6tQBouOC2uO7t4sCQ root@ubuntu-xenial (RSA)
<14>Aug 11 15:05:50 ec2: -----END SSH HOST KEY FINGERPRINTS-----
<14>Aug 11 15:05:50 ec2: #############################################################
-----BEGIN SSH HOST KEY KEYS-----
ecdsa-sha2-nistp256 AAAAE2VjZHNhLXNoYTItbmlzdHAyNTYAAAAIbmlzdHAyNTYAAABBBKbZiTV1lO7KgclBt5yyDn332opwM22mn2QzCfcnHlCYZ1wfoi860P+5iThme9SEprxK9p3ZtHQOfCTuLXo0M6M= root@ubuntu-xenial
ssh-ed25519 AAAAC3NzaC1lZDI1NTE5AAAAIG3kzqj6ZOuN9OJWu3yJW/IGYrT6JOxPk0KyC2rNa+xG root@ubuntu-xenial
ssh-rsa AAAAB3NzaC1yc2EAAAADAQABAAABAQCzxpAlhUWdi4AjlH14NNxAPICv/8WqZC2u0sfP0mj5QaqNOJORtN4Tgk7igbKl+KqiKPI7bC7xjSbwq4Q/4sOH5En/hFsHeu5YzkDyi2Neu7odTUa28FC963TpF4VafoYuDqB695KVK/iwJKlLuCaqaBTHjl7a1OQ/vVftqf/LSuX3UTt6MXrOfYX8U4sg4Sw46N3tbQKvGTxEMTL5rt1CLnInrGasIBar3/LG3regSbVn2ksCbUsFtCTufk+Z+1WavqurCfOk1IDyW2sP2kMUQOgnw276ra5RW7qzI+IDmo0vWq0ARrmDhW7m5CKS+gQBDcZMKIBAbvi1FuLYDSpX root@ubuntu-xenial
-----END SSH HOST KEY KEYS-----
[   16.333273] cloud-init[1590]: Cloud-init v. 21.1-19-gbad84ad4-0ubuntu1~16.04.2 running 'modules:final' at Thu, 11 Aug 2022 15:05:50 +0000. Up 15.87 seconds.
[   16.333788] cloud-init[1590]: ci-info: no authorized SSH keys fingerprints found for user ubuntu.
[   16.334437] cloud-init[1590]: Cloud-init v. 21.1-19-gbad84ad4-0ubuntu1~16.04.2 finished at Thu, 11 Aug 2022 15:05:50 +0000. Datasource DataSourceNoCloud [seed=/dev/sdb][dsmode=net].  Up 16.31 seconds

Ubuntu 16.04.7 LTS ubuntu-xenial ttyS0

ubuntu-xenial login: 